Welcome to Kalah!

----------
South's turn:
           N1    N2    N3    N4    N5    N6
          [ 4]  [ 4]  [ 4]  [ 4]  [ 4]  [ 4]
  N0 [ 0]                                    [ 0] S0
          [ 4]  [ 4]  [ 4]  [ 4]  [ 4]  [ 4]
           S6    S5    S4    S3    S2    S1

Please enter a pit number for South (q to quit): 
South playing move 4
South gets another turn

----------
South's turn:
           N1    N2    N3    N4    N5    N6
          [ 4]  [ 4]  [ 4]  [ 4]  [ 4]  [ 4]
  N0 [ 0]                                    [ 1] S0
          [ 4]  [ 4]  [ 0]  [ 5]  [ 5]  [ 5]
           S6    S5    S4    S3    S2    S1

Please enter a pit number for South (q to quit): 
South playing move 1
Turn is over

----------
North's turn:
           N1    N2    N3    N4    N5    N6
          [ 4]  [ 4]  [ 5]  [ 5]  [ 5]  [ 5]
  N0 [ 0]                                    [ 2] S0
          [ 4]  [ 4]  [ 0]  [ 5]  [ 5]  [ 0]
           S6    S5    S4    S3    S2    S1

Please enter a pit number for North (q to quit): 
North playing move 5
North gets another turn

----------
North's turn:
           N1    N2    N3    N4    N5    N6
          [ 5]  [ 5]  [ 6]  [ 6]  [ 0]  [ 5]
  N0 [ 1]                                    [ 2] S0
          [ 4]  [ 4]  [ 0]  [ 5]  [ 5]  [ 0]
           S6    S5    S4    S3    S2    S1

Please enter a pit number for North (q to quit): 
North playing move 6
Turn is over

----------
South's turn:
           N1    N2    N3    N4    N5    N6
          [ 6]  [ 6]  [ 7]  [ 7]  [ 1]  [ 0]
  N0 [ 1]                                    [ 2] S0
          [ 4]  [ 4]  [ 0]  [ 5]  [ 5]  [ 0]
           S6    S5    S4    S3    S2    S1

Please enter a pit number for South (q to quit): 
South playing move 5
Turn is over

----------
North's turn:
           N1    N2    N3    N4    N5    N6
          [ 6]  [ 6]  [ 7]  [ 7]  [ 1]  [ 0]
  N0 [ 1]                                    [ 2] S0
          [ 4]  [ 0]  [ 1]  [ 6]  [ 6]  [ 1]
           S6    S5    S4    S3    S2    S1

Please enter a pit number for North (q to quit): 
North playing move 1
Turn is over

----------
South's turn:
           N1    N2    N3    N4    N5    N6
          [ 0]  [ 6]  [ 7]  [ 7]  [ 1]  [ 0]
  N0 [ 2]                                    [ 2] S0
          [ 5]  [ 1]  [ 2]  [ 7]  [ 7]  [ 1]
           S6    S5    S4    S3    S2    S1

Please enter a pit number for South (q to quit): 
South playing move 1
South gets another turn

----------
South's turn:
           N1    N2    N3    N4    N5    N6
          [ 0]  [ 6]  [ 7]  [ 7]  [ 1]  [ 0]
  N0 [ 2]                                    [ 3] S0
          [ 5]  [ 1]  [ 2]  [ 7]  [ 7]  [ 0]
           S6    S5    S4    S3    S2    S1

Please enter a pit number for South (q to quit): 
South playing move 4
Turn is over

----------
North's turn:
           N1    N2    N3    N4    N5    N6
          [ 0]  [ 6]  [ 7]  [ 7]  [ 1]  [ 0]
  N0 [ 2]                                    [ 3] S0
          [ 5]  [ 1]  [ 0]  [ 8]  [ 8]  [ 0]
           S6    S5    S4    S3    S2    S1

Please enter a pit number for North (q to quit): 
North playing move 3
Turn is over

----------
South's turn:
           N1    N2    N3    N4    N5    N6
          [ 1]  [ 7]  [ 0]  [ 7]  [ 1]  [ 0]
  N0 [ 3]                                    [ 3] S0
          [ 6]  [ 2]  [ 1]  [ 9]  [ 8]  [ 0]
           S6    S5    S4    S3    S2    S1

Please enter a pit number for South (q to quit): 
South playing move 6
South gets another turn

----------
South's turn:
           N1    N2    N3    N4    N5    N6
          [ 1]  [ 7]  [ 0]  [ 7]  [ 1]  [ 0]
  N0 [ 3]                                    [ 4] S0
          [ 0]  [ 3]  [ 2]  [10]  [ 9]  [ 1]
           S6    S5    S4    S3    S2    S1

Please enter a pit number for South (q to quit): 
South playing move 1
South gets another turn

----------
South's turn:
           N1    N2    N3    N4    N5    N6
          [ 1]  [ 7]  [ 0]  [ 7]  [ 1]  [ 0]
  N0 [ 3]                                    [ 5] S0
          [ 0]  [ 3]  [ 2]  [10]  [ 9]  [ 0]
           S6    S5    S4    S3    S2    S1

Please enter a pit number for South (q to quit): 
South playing move 3
opposite store detected
Captured 3 seeds
Turn is over

----------
North's turn:
           N1    N2    N3    N4    N5    N6
          [ 0]  [ 8]  [ 1]  [ 8]  [ 2]  [ 1]
  N0 [ 3]                                    [ 9] S0
          [ 0]  [ 3]  [ 2]  [ 0]  [10]  [ 1]
           S6    S5    S4    S3    S2    S1

Please enter a pit number for North (q to quit): 
North playing move 5
Turn is over

----------
South's turn:
           N1    N2    N3    N4    N5    N6
          [ 0]  [ 8]  [ 2]  [ 9]  [ 0]  [ 1]
  N0 [ 3]                                    [ 9] S0
          [ 0]  [ 3]  [ 2]  [ 0]  [10]  [ 1]
           S6    S5    S4    S3    S2    S1

Please enter a pit number for South (q to quit): 
South playing move 1
South gets another turn

----------
South's turn:
           N1    N2    N3    N4    N5    N6
          [ 0]  [ 8]  [ 2]  [ 9]  [ 0]  [ 1]
  N0 [ 3]                                    [10] S0
          [ 0]  [ 3]  [ 2]  [ 0]  [10]  [ 0]
           S6    S5    S4    S3    S2    S1

Please enter a pit number for South (q to quit): 
South playing move 2
opposite store detected
Turn is over

----------
North's turn:
           N1    N2    N3    N4    N5    N6
          [ 1]  [ 9]  [ 3]  [10]  [ 1]  [ 2]
  N0 [ 3]                                    [11] S0
          [ 1]  [ 4]  [ 2]  [ 0]  [ 0]  [ 1]
           S6    S5    S4    S3    S2    S1

Please enter a pit number for North (q to quit): 
North playing move 1
North gets another turn

----------
North's turn:
           N1    N2    N3    N4    N5    N6
          [ 0]  [ 9]  [ 3]  [10]  [ 1]  [ 2]
  N0 [ 4]                                    [11] S0
          [ 1]  [ 4]  [ 2]  [ 0]  [ 0]  [ 1]
           S6    S5    S4    S3    S2    S1

Please enter a pit number for North (q to quit): 
North playing move 3
North gets another turn

----------
North's turn:
           N1    N2    N3    N4    N5    N6
          [ 1]  [10]  [ 0]  [10]  [ 1]  [ 2]
  N0 [ 5]                                    [11] S0
          [ 1]  [ 4]  [ 2]  [ 0]  [ 0]  [ 1]
           S6    S5    S4    S3    S2    S1

Please enter a pit number for North (q to quit): 
North playing move 1
North gets another turn

----------
North's turn:
           N1    N2    N3    N4    N5    N6
          [ 0]  [10]  [ 0]  [10]  [ 1]  [ 2]
  N0 [ 6]                                    [11] S0
          [ 1]  [ 4]  [ 2]  [ 0]  [ 0]  [ 1]
           S6    S5    S4    S3    S2    S1

Please enter a pit number for North (q to quit): 
North playing move 5
Turn is over

----------
South's turn:
           N1    N2    N3    N4    N5    N6
          [ 0]  [10]  [ 0]  [11]  [ 0]  [ 2]
  N0 [ 6]                                    [11] S0
          [ 1]  [ 4]  [ 2]  [ 0]  [ 0]  [ 1]
           S6    S5    S4    S3    S2    S1

Please enter a pit number for South (q to quit): 
South playing move 1
South gets another turn

----------
South's turn:
           N1    N2    N3    N4    N5    N6
          [ 0]  [10]  [ 0]  [11]  [ 0]  [ 2]
  N0 [ 6]                                    [12] S0
          [ 1]  [ 4]  [ 2]  [ 0]  [ 0]  [ 0]
           S6    S5    S4    S3    S2    S1

Please enter a pit number for South (q to quit): 
South playing move 4
Turn is over

----------
North's turn:
           N1    N2    N3    N4    N5    N6
          [ 0]  [10]  [ 0]  [11]  [ 0]  [ 2]
  N0 [ 6]                                    [12] S0
          [ 1]  [ 4]  [ 0]  [ 1]  [ 1]  [ 0]
           S6    S5    S4    S3    S2    S1

Please enter a pit number for North (q to quit): 
North playing move 6
Turn is over

----------
South's turn:
           N1    N2    N3    N4    N5    N6
          [ 0]  [10]  [ 0]  [12]  [ 1]  [ 0]
  N0 [ 6]                                    [12] S0
          [ 1]  [ 4]  [ 0]  [ 1]  [ 1]  [ 0]
           S6    S5    S4    S3    S2    S1

Please enter a pit number for South (q to quit): 
South playing move 6
Turn is over

----------
North's turn:
           N1    N2    N3    N4    N5    N6
          [ 0]  [10]  [ 0]  [12]  [ 1]  [ 0]
  N0 [ 6]                                    [12] S0
          [ 0]  [ 5]  [ 0]  [ 1]  [ 1]  [ 0]
           S6    S5    S4    S3    S2    S1

Please enter a pit number for North (q to quit): 
North playing move 2
opposite store detected
Turn is over

----------
South's turn:
           N1    N2    N3    N4    N5    N6
          [ 1]  [ 0]  [ 0]  [12]  [ 2]  [ 1]
  N0 [ 7]                                    [12] S0
          [ 1]  [ 6]  [ 1]  [ 2]  [ 2]  [ 1]
           S6    S5    S4    S3    S2    S1

Please enter a pit number for South (q to quit): 
South playing move 1
South gets another turn

----------
South's turn:
           N1    N2    N3    N4    N5    N6
          [ 1]  [ 0]  [ 0]  [12]  [ 2]  [ 1]
  N0 [ 7]                                    [13] S0
          [ 1]  [ 6]  [ 1]  [ 2]  [ 2]  [ 0]
           S6    S5    S4    S3    S2    S1

Please enter a pit number for South (q to quit): 
South playing move 2
South gets another turn

----------
South's turn:
           N1    N2    N3    N4    N5    N6
          [ 1]  [ 0]  [ 0]  [12]  [ 2]  [ 1]
  N0 [ 7]                                    [14] S0
          [ 1]  [ 6]  [ 1]  [ 2]  [ 0]  [ 1]
           S6    S5    S4    S3    S2    S1

Please enter a pit number for South (q to quit): 
South playing move 1
South gets another turn

----------
South's turn:
           N1    N2    N3    N4    N5    N6
          [ 1]  [ 0]  [ 0]  [12]  [ 2]  [ 1]
  N0 [ 7]                                    [15] S0
          [ 1]  [ 6]  [ 1]  [ 2]  [ 0]  [ 0]
           S6    S5    S4    S3    S2    S1

Please enter a pit number for South (q to quit): 
South playing move 3
Captured 2 seeds
Turn is over

----------
North's turn:
           N1    N2    N3    N4    N5    N6
          [ 1]  [ 0]  [ 0]  [12]  [ 2]  [ 0]
  N0 [ 7]                                    [17] S0
          [ 1]  [ 6]  [ 1]  [ 0]  [ 1]  [ 0]
           S6    S5    S4    S3    S2    S1

Please enter a pit number for North (q to quit): 
North playing move 1
North gets another turn

----------
North's turn:
           N1    N2    N3    N4    N5    N6
          [ 0]  [ 0]  [ 0]  [12]  [ 2]  [ 0]
  N0 [ 8]                                    [17] S0
          [ 1]  [ 6]  [ 1]  [ 0]  [ 1]  [ 0]
           S6    S5    S4    S3    S2    S1

Please enter a pit number for North (q to quit): 
North playing move 5
Captured 2 seeds
Turn is over

----------
South's turn:
           N1    N2    N3    N4    N5    N6
          [ 0]  [ 0]  [ 0]  [13]  [ 0]  [ 0]
  N0 [10]                                    [17] S0
          [ 1]  [ 6]  [ 0]  [ 0]  [ 1]  [ 0]
           S6    S5    S4    S3    S2    S1

Please enter a pit number for South (q to quit): 
South playing move 2
Turn is over

----------
North's turn:
           N1    N2    N3    N4    N5    N6
          [ 0]  [ 0]  [ 0]  [13]  [ 0]  [ 0]
  N0 [10]                                    [17] S0
          [ 1]  [ 6]  [ 0]  [ 0]  [ 0]  [ 1]
           S6    S5    S4    S3    S2    S1

Please enter a pit number for North (q to quit): 
North playing move 4
opposite store detected
Captured 2 seeds
Turn is over

----------
South's turn:
           N1    N2    N3    N4    N5    N6
          [ 1]  [ 1]  [ 1]  [ 0]  [ 1]  [ 1]
  N0 [13]                                    [17] S0
          [ 2]  [ 7]  [ 1]  [ 0]  [ 1]  [ 2]
           S6    S5    S4    S3    S2    S1

Please enter a pit number for South (q to quit): 
South playing move 5
Turn is over

----------
North's turn:
           N1    N2    N3    N4    N5    N6
          [ 1]  [ 1]  [ 1]  [ 0]  [ 2]  [ 2]
  N0 [13]                                    [18] S0
          [ 2]  [ 0]  [ 2]  [ 1]  [ 2]  [ 3]
           S6    S5    S4    S3    S2    S1

Please enter a pit number for North (q to quit): 
North playing move 1
North gets another turn

----------
North's turn:
           N1    N2    N3    N4    N5    N6
          [ 0]  [ 1]  [ 1]  [ 0]  [ 2]  [ 2]
  N0 [14]                                    [18] S0
          [ 2]  [ 0]  [ 2]  [ 1]  [ 2]  [ 3]
           S6    S5    S4    S3    S2    S1

Please enter a pit number for North (q to quit): 
North playing move 5
Turn is over

----------
South's turn:
           N1    N2    N3    N4    N5    N6
          [ 0]  [ 1]  [ 2]  [ 1]  [ 0]  [ 2]
  N0 [14]                                    [18] S0
          [ 2]  [ 0]  [ 2]  [ 1]  [ 2]  [ 3]
           S6    S5    S4    S3    S2    S1

Please enter a pit number for South (q to quit): 
South playing move 2
South gets another turn

----------
South's turn:
           N1    N2    N3    N4    N5    N6
          [ 0]  [ 1]  [ 2]  [ 1]  [ 0]  [ 2]
  N0 [14]                                    [19] S0
          [ 2]  [ 0]  [ 2]  [ 1]  [ 0]  [ 4]
           S6    S5    S4    S3    S2    S1

Please enter a pit number for South (q to quit): 
South playing move 6
Turn is over

----------
North's turn:
           N1    N2    N3    N4    N5    N6
          [ 0]  [ 1]  [ 2]  [ 1]  [ 0]  [ 2]
  N0 [14]                                    [19] S0
          [ 0]  [ 1]  [ 3]  [ 1]  [ 0]  [ 4]
           S6    S5    S4    S3    S2    S1

Please enter a pit number for North (q to quit): 
North playing move 4
Turn is over

----------
South's turn:
           N1    N2    N3    N4    N5    N6
          [ 0]  [ 1]  [ 3]  [ 0]  [ 0]  [ 2]
  N0 [14]                                    [19] S0
          [ 0]  [ 1]  [ 3]  [ 1]  [ 0]  [ 4]
           S6    S5    S4    S3    S2    S1

Please enter a pit number for South (q to quit): 
South playing move 5
Turn is over

----------
North's turn:
           N1    N2    N3    N4    N5    N6
          [ 0]  [ 1]  [ 3]  [ 0]  [ 0]  [ 2]
  N0 [14]                                    [19] S0
          [ 0]  [ 0]  [ 4]  [ 1]  [ 0]  [ 4]
           S6    S5    S4    S3    S2    S1

Please enter a pit number for North (q to quit): 
North playing move 2
Turn is over

----------
South's turn:
           N1    N2    N3    N4    N5    N6
          [ 1]  [ 0]  [ 3]  [ 0]  [ 0]  [ 2]
  N0 [14]                                    [19] S0
          [ 0]  [ 0]  [ 4]  [ 1]  [ 0]  [ 4]
           S6    S5    S4    S3    S2    S1

Please enter a pit number for South (q to quit): 
South playing move 4
South gets another turn

----------
South's turn:
           N1    N2    N3    N4    N5    N6
          [ 1]  [ 0]  [ 3]  [ 0]  [ 0]  [ 2]
  N0 [14]                                    [20] S0
          [ 0]  [ 0]  [ 0]  [ 2]  [ 1]  [ 5]
           S6    S5    S4    S3    S2    S1

Please enter a pit number for South (q to quit): 
South playing move 1
Turn is over

----------
North's turn:
           N1    N2    N3    N4    N5    N6
          [ 1]  [ 0]  [ 4]  [ 1]  [ 1]  [ 3]
  N0 [14]                                    [21] S0
          [ 0]  [ 0]  [ 0]  [ 2]  [ 1]  [ 0]
           S6    S5    S4    S3    S2    S1

Please enter a pit number for North (q to quit): 
North playing move 1
North gets another turn

----------
North's turn:
           N1    N2    N3    N4    N5    N6
          [ 0]  [ 0]  [ 4]  [ 1]  [ 1]  [ 3]
  N0 [15]                                    [21] S0
          [ 0]  [ 0]  [ 0]  [ 2]  [ 1]  [ 0]
           S6    S5    S4    S3    S2    S1

Please enter a pit number for North (q to quit): 
North playing move 6
Turn is over

----------
South's turn:
           N1    N2    N3    N4    N5    N6
          [ 0]  [ 0]  [ 5]  [ 2]  [ 2]  [ 0]
  N0 [15]                                    [21] S0
          [ 0]  [ 0]  [ 0]  [ 2]  [ 1]  [ 0]
           S6    S5    S4    S3    S2    S1

Please enter a pit number for South (q to quit): 
South playing move 2
Turn is over

----------
North's turn:
           N1    N2    N3    N4    N5    N6
          [ 0]  [ 0]  [ 5]  [ 2]  [ 2]  [ 0]
  N0 [15]                                    [21] S0
          [ 0]  [ 0]  [ 0]  [ 2]  [ 0]  [ 1]
           S6    S5    S4    S3    S2    S1

Please enter a pit number for North (q to quit): 
North playing move 4
Turn is over

----------
South's turn:
           N1    N2    N3    N4    N5    N6
          [ 0]  [ 1]  [ 6]  [ 0]  [ 2]  [ 0]
  N0 [15]                                    [21] S0
          [ 0]  [ 0]  [ 0]  [ 2]  [ 0]  [ 1]
           S6    S5    S4    S3    S2    S1

Please enter a pit number for South (q to quit): 
South playing move 1
South gets another turn

----------
South's turn:
           N1    N2    N3    N4    N5    N6
          [ 0]  [ 1]  [ 6]  [ 0]  [ 2]  [ 0]
  N0 [15]                                    [22] S0
          [ 0]  [ 0]  [ 0]  [ 2]  [ 0]  [ 0]
           S6    S5    S4    S3    S2    S1

Please enter a pit number for South (q to quit): 
South playing move 3
Turn is over

----------
North's turn:
           N1    N2    N3    N4    N5    N6
          [ 0]  [ 1]  [ 6]  [ 0]  [ 2]  [ 0]
  N0 [15]                                    [22] S0
          [ 0]  [ 0]  [ 0]  [ 0]  [ 1]  [ 1]
           S6    S5    S4    S3    S2    S1

Please enter a pit number for North (q to quit): 
North playing move 2
Turn is over

----------
South's turn:
           N1    N2    N3    N4    N5    N6
          [ 1]  [ 0]  [ 6]  [ 0]  [ 2]  [ 0]
  N0 [15]                                    [22] S0
          [ 0]  [ 0]  [ 0]  [ 0]  [ 1]  [ 1]
           S6    S5    S4    S3    S2    S1

Please enter a pit number for South (q to quit): 
South playing move 1
South gets another turn

----------
South's turn:
           N1    N2    N3    N4    N5    N6
          [ 1]  [ 0]  [ 6]  [ 0]  [ 2]  [ 0]
  N0 [15]                                    [23] S0
          [ 0]  [ 0]  [ 0]  [ 0]  [ 1]  [ 0]
           S6    S5    S4    S3    S2    S1

Please enter a pit number for South (q to quit): 
South playing move 2
Turn is over

----------
North's turn:
           N1    N2    N3    N4    N5    N6
          [ 1]  [ 0]  [ 6]  [ 0]  [ 2]  [ 0]
  N0 [15]                                    [23] S0
          [ 0]  [ 0]  [ 0]  [ 0]  [ 0]  [ 1]
           S6    S5    S4    S3    S2    S1

Please enter a pit number for North (q to quit): 
North playing move 1
North gets another turn

----------
North's turn:
           N1    N2    N3    N4    N5    N6
          [ 0]  [ 0]  [ 6]  [ 0]  [ 2]  [ 0]
  N0 [16]                                    [23] S0
          [ 0]  [ 0]  [ 0]  [ 0]  [ 0]  [ 1]
           S6    S5    S4    S3    S2    S1

Please enter a pit number for North (q to quit): 
North playing move 5
Turn is over

----------
South's turn:
           N1    N2    N3    N4    N5    N6
          [ 0]  [ 0]  [ 7]  [ 1]  [ 0]  [ 0]
  N0 [16]                                    [23] S0
          [ 0]  [ 0]  [ 0]  [ 0]  [ 0]  [ 1]
           S6    S5    S4    S3    S2    S1

Please enter a pit number for South (q to quit): 
South playing move 1

----------
Game finished:
           N1    N2    N3    N4    N5    N6
          [ 0]  [ 0]  [ 0]  [ 0]  [ 0]  [ 0]
  N0 [24]                                    [24] S0
          [ 0]  [ 0]  [ 0]  [ 0]  [ 0]  [ 0]
           S6    S5    S4    S3    S2    S1

North and South tied!
North Total: 24 seeds
South Total: 24 seeds
Game over -- goodbye!
