Welcome to Kalah!

----------
South's turn:
           N1    N2    N3    N4    N5    N6
          [ 4]  [ 4]  [ 4]  [ 4]  [ 4]  [ 4]
  N0 [ 0]                                    [ 0] S0
          [ 4]  [ 4]  [ 4]  [ 4]  [ 4]  [ 4]
           S6    S5    S4    S3    S2    S1

Please enter a pit number for South (q to quit): 
South playing move 6
Turn is over

----------
North's turn:
           N1    N2    N3    N4    N5    N6
          [ 4]  [ 4]  [ 4]  [ 4]  [ 4]  [ 4]
  N0 [ 0]                                    [ 0] S0
          [ 0]  [ 5]  [ 5]  [ 5]  [ 5]  [ 4]
           S6    S5    S4    S3    S2    S1

Please enter a pit number for North (q to quit): 
North playing move 4
North gets another turn

----------
North's turn:
           N1    N2    N3    N4    N5    N6
          [ 5]  [ 5]  [ 5]  [ 0]  [ 4]  [ 4]
  N0 [ 1]                                    [ 0] S0
          [ 0]  [ 5]  [ 5]  [ 5]  [ 5]  [ 4]
           S6    S5    S4    S3    S2    S1

Please enter a pit number for North (q to quit): 
North playing move 1
Turn is over

----------
South's turn:
           N1    N2    N3    N4    N5    N6
          [ 0]  [ 5]  [ 5]  [ 0]  [ 4]  [ 4]
  N0 [ 2]                                    [ 0] S0
          [ 1]  [ 6]  [ 6]  [ 6]  [ 5]  [ 4]
           S6    S5    S4    S3    S2    S1

Please enter a pit number for South (q to quit): 
South playing move 6
Turn is over

----------
North's turn:
           N1    N2    N3    N4    N5    N6
          [ 0]  [ 5]  [ 5]  [ 0]  [ 4]  [ 4]
  N0 [ 2]                                    [ 0] S0
          [ 0]  [ 7]  [ 6]  [ 6]  [ 5]  [ 4]
           S6    S5    S4    S3    S2    S1

Please enter a pit number for North (q to quit): 
North playing move 2
Turn is over

----------
South's turn:
           N1    N2    N3    N4    N5    N6
          [ 1]  [ 0]  [ 5]  [ 0]  [ 4]  [ 4]
  N0 [ 3]                                    [ 0] S0
          [ 1]  [ 8]  [ 7]  [ 6]  [ 5]  [ 4]
           S6    S5    S4    S3    S2    S1

Please enter a pit number for South (q to quit): 
South playing move 6
Turn is over

----------
North's turn:
           N1    N2    N3    N4    N5    N6
          [ 1]  [ 0]  [ 5]  [ 0]  [ 4]  [ 4]
  N0 [ 3]                                    [ 0] S0
          [ 0]  [ 9]  [ 7]  [ 6]  [ 5]  [ 4]
           S6    S5    S4    S3    S2    S1

Please enter a pit number for North (q to quit): 
North playing move 6
Captured 10 seeds
Turn is over

----------
South's turn:
           N1    N2    N3    N4    N5    N6
          [ 1]  [ 0]  [ 6]  [ 1]  [ 5]  [ 0]
  N0 [13]                                    [ 0] S0
          [ 0]  [ 0]  [ 7]  [ 6]  [ 5]  [ 4]
           S6    S5    S4    S3    S2    S1

Please enter a pit number for South (q to quit): 
South playing move 3
Turn is over

----------
North's turn:
           N1    N2    N3    N4    N5    N6
          [ 1]  [ 0]  [ 6]  [ 2]  [ 6]  [ 1]
  N0 [13]                                    [ 1] S0
          [ 0]  [ 0]  [ 7]  [ 0]  [ 6]  [ 5]
           S6    S5    S4    S3    S2    S1

Please enter a pit number for North (q to quit): 
North playing move 1
North gets another turn

----------
North's turn:
           N1    N2    N3    N4    N5    N6
          [ 0]  [ 0]  [ 6]  [ 2]  [ 6]  [ 1]
  N0 [14]                                    [ 1] S0
          [ 0]  [ 0]  [ 7]  [ 0]  [ 6]  [ 5]
           S6    S5    S4    S3    S2    S1

Please enter a pit number for North (q to quit): 
North playing move 3
Turn is over

----------
South's turn:
           N1    N2    N3    N4    N5    N6
          [ 1]  [ 1]  [ 0]  [ 2]  [ 6]  [ 1]
  N0 [15]                                    [ 1] S0
          [ 1]  [ 1]  [ 8]  [ 0]  [ 6]  [ 5]
           S6    S5    S4    S3    S2    S1

Please enter a pit number for South (q to quit): 
South playing move 6
Turn is over

----------
North's turn:
           N1    N2    N3    N4    N5    N6
          [ 1]  [ 1]  [ 0]  [ 2]  [ 6]  [ 1]
  N0 [15]                                    [ 1] S0
          [ 0]  [ 2]  [ 8]  [ 0]  [ 6]  [ 5]
           S6    S5    S4    S3    S2    S1

Please enter a pit number for North (q to quit): 
North playing move 1
North gets another turn

----------
North's turn:
           N1    N2    N3    N4    N5    N6
          [ 0]  [ 1]  [ 0]  [ 2]  [ 6]  [ 1]
  N0 [16]                                    [ 1] S0
          [ 0]  [ 2]  [ 8]  [ 0]  [ 6]  [ 5]
           S6    S5    S4    S3    S2    S1

Please enter a pit number for North (q to quit): 
North playing move 4
Turn is over

----------
South's turn:
           N1    N2    N3    N4    N5    N6
          [ 0]  [ 2]  [ 1]  [ 0]  [ 6]  [ 1]
  N0 [16]                                    [ 1] S0
          [ 0]  [ 2]  [ 8]  [ 0]  [ 6]  [ 5]
           S6    S5    S4    S3    S2    S1

Please enter a pit number for South (q to quit): 
South playing move 5
Turn is over

----------
North's turn:
           N1    N2    N3    N4    N5    N6
          [ 0]  [ 2]  [ 1]  [ 0]  [ 6]  [ 1]
  N0 [16]                                    [ 1] S0
          [ 0]  [ 0]  [ 9]  [ 1]  [ 6]  [ 5]
           S6    S5    S4    S3    S2    S1

Please enter a pit number for North (q to quit): 
North playing move 2
North gets another turn

----------
North's turn:
           N1    N2    N3    N4    N5    N6
          [ 1]  [ 0]  [ 1]  [ 0]  [ 6]  [ 1]
  N0 [17]                                    [ 1] S0
          [ 0]  [ 0]  [ 9]  [ 1]  [ 6]  [ 5]
           S6    S5    S4    S3    S2    S1

Please enter a pit number for North (q to quit): 
North playing move 1
North gets another turn

----------
North's turn:
           N1    N2    N3    N4    N5    N6
          [ 0]  [ 0]  [ 1]  [ 0]  [ 6]  [ 1]
  N0 [18]                                    [ 1] S0
          [ 0]  [ 0]  [ 9]  [ 1]  [ 6]  [ 5]
           S6    S5    S4    S3    S2    S1

Please enter a pit number for North (q to quit): 
North playing move 5
Turn is over

----------
South's turn:
           N1    N2    N3    N4    N5    N6
          [ 1]  [ 1]  [ 2]  [ 1]  [ 0]  [ 1]
  N0 [19]                                    [ 1] S0
          [ 1]  [ 0]  [ 9]  [ 1]  [ 6]  [ 5]
           S6    S5    S4    S3    S2    S1

Please enter a pit number for South (q to quit): 
South playing move 1
Turn is over

----------
North's turn:
           N1    N2    N3    N4    N5    N6
          [ 1]  [ 1]  [ 3]  [ 2]  [ 1]  [ 2]
  N0 [19]                                    [ 2] S0
          [ 1]  [ 0]  [ 9]  [ 1]  [ 6]  [ 0]
           S6    S5    S4    S3    S2    S1

Please enter a pit number for North (q to quit): 
North playing move 3
North gets another turn

----------
North's turn:
           N1    N2    N3    N4    N5    N6
          [ 2]  [ 2]  [ 0]  [ 2]  [ 1]  [ 2]
  N0 [20]                                    [ 2] S0
          [ 1]  [ 0]  [ 9]  [ 1]  [ 6]  [ 0]
           S6    S5    S4    S3    S2    S1

Please enter a pit number for North (q to quit): 
North playing move 2
North gets another turn

----------
North's turn:
           N1    N2    N3    N4    N5    N6
          [ 3]  [ 0]  [ 0]  [ 2]  [ 1]  [ 2]
  N0 [21]                                    [ 2] S0
          [ 1]  [ 0]  [ 9]  [ 1]  [ 6]  [ 0]
           S6    S5    S4    S3    S2    S1

Please enter a pit number for North (q to quit): 
North playing move 6
Turn is over

----------
South's turn:
           N1    N2    N3    N4    N5    N6
          [ 3]  [ 0]  [ 0]  [ 3]  [ 2]  [ 0]
  N0 [21]                                    [ 2] S0
          [ 1]  [ 0]  [ 9]  [ 1]  [ 6]  [ 0]
           S6    S5    S4    S3    S2    S1

Please enter a pit number for South (q to quit): 
South playing move 6
Turn is over

----------
North's turn:
           N1    N2    N3    N4    N5    N6
          [ 3]  [ 0]  [ 0]  [ 3]  [ 2]  [ 0]
  N0 [21]                                    [ 2] S0
          [ 0]  [ 1]  [ 9]  [ 1]  [ 6]  [ 0]
           S6    S5    S4    S3    S2    S1

Please enter a pit number for North (q to quit): 
North playing move 5
Captured 10 seeds
Turn is over

----------
South's turn:
           N1    N2    N3    N4    N5    N6
          [ 3]  [ 0]  [ 0]  [ 4]  [ 0]  [ 0]
  N0 [31]                                    [ 2] S0
          [ 0]  [ 1]  [ 0]  [ 1]  [ 6]  [ 0]
           S6    S5    S4    S3    S2    S1

Please enter a pit number for South (q to quit): 
South playing move 2
Turn is over

----------
North's turn:
           N1    N2    N3    N4    N5    N6
          [ 3]  [ 0]  [ 1]  [ 5]  [ 1]  [ 1]
  N0 [31]                                    [ 3] S0
          [ 0]  [ 1]  [ 0]  [ 1]  [ 0]  [ 1]
           S6    S5    S4    S3    S2    S1

Please enter a pit number for North (q to quit): 
North playing move 4
Turn is over

----------
South's turn:
           N1    N2    N3    N4    N5    N6
          [ 4]  [ 1]  [ 2]  [ 0]  [ 1]  [ 1]
  N0 [32]                                    [ 3] S0
          [ 1]  [ 1]  [ 0]  [ 1]  [ 0]  [ 1]
           S6    S5    S4    S3    S2    S1

Please enter a pit number for South (q to quit): 
South playing move 1
South gets another turn

----------
South's turn:
           N1    N2    N3    N4    N5    N6
          [ 4]  [ 1]  [ 2]  [ 0]  [ 1]  [ 1]
  N0 [32]                                    [ 4] S0
          [ 1]  [ 1]  [ 0]  [ 1]  [ 0]  [ 0]
           S6    S5    S4    S3    S2    S1

Please enter a pit number for South (q to quit): 
South playing move 3
Captured 2 seeds
Turn is over

----------
North's turn:
           N1    N2    N3    N4    N5    N6
          [ 4]  [ 1]  [ 2]  [ 0]  [ 0]  [ 1]
  N0 [32]                                    [ 6] S0
          [ 1]  [ 1]  [ 0]  [ 0]  [ 0]  [ 0]
           S6    S5    S4    S3    S2    S1

Please enter a pit number for North (q to quit): 
North playing move 6
Turn is over

----------
South's turn:
           N1    N2    N3    N4    N5    N6
          [ 4]  [ 1]  [ 2]  [ 0]  [ 1]  [ 0]
  N0 [32]                                    [ 6] S0
          [ 1]  [ 1]  [ 0]  [ 0]  [ 0]  [ 0]
           S6    S5    S4    S3    S2    S1

Please enter a pit number for South (q to quit): 
South playing move 5
Captured 3 seeds
Turn is over

----------
North's turn:
           N1    N2    N3    N4    N5    N6
          [ 4]  [ 1]  [ 0]  [ 0]  [ 1]  [ 0]
  N0 [32]                                    [ 9] S0
          [ 1]  [ 0]  [ 0]  [ 0]  [ 0]  [ 0]
           S6    S5    S4    S3    S2    S1

Please enter a pit number for North (q to quit): 
North playing move 5
Turn is over

----------
South's turn:
           N1    N2    N3    N4    N5    N6
          [ 4]  [ 1]  [ 0]  [ 1]  [ 0]  [ 0]
  N0 [32]                                    [ 9] S0
          [ 1]  [ 0]  [ 0]  [ 0]  [ 0]  [ 0]
           S6    S5    S4    S3    S2    S1

Please enter a pit number for South (q to quit): 
South playing move 6
Captured 2 seeds

----------
Game finished:
           N1    N2    N3    N4    N5    N6
          [ 0]  [ 0]  [ 0]  [ 0]  [ 0]  [ 0]
  N0 [37]                                    [11] S0
          [ 0]  [ 0]  [ 0]  [ 0]  [ 0]  [ 0]
           S6    S5    S4    S3    S2    S1

North won!
North Total: 37 seeds
South Total: 11 seeds
Game over -- goodbye!
