Welcome to Kalah!

----------
South's turn:
           N1    N2    N3    N4    N5    N6
          [ 4]  [ 4]  [ 4]  [ 4]  [ 4]  [ 4]
  N0 [ 0]                                    [ 0] S0
          [ 4]  [ 4]  [ 4]  [ 4]  [ 4]  [ 4]
           S6    S5    S4    S3    S2    S1

Please enter a pit number for South (q to quit): 
South playing move 2
Turn is over

----------
North's turn:
           N1    N2    N3    N4    N5    N6
          [ 4]  [ 4]  [ 4]  [ 4]  [ 5]  [ 5]
  N0 [ 0]                                    [ 1] S0
          [ 4]  [ 4]  [ 4]  [ 4]  [ 0]  [ 5]
           S6    S5    S4    S3    S2    S1

Please enter a pit number for North (q to quit): 
North playing move 1
Turn is over

----------
South's turn:
           N1    N2    N3    N4    N5    N6
          [ 0]  [ 4]  [ 4]  [ 4]  [ 5]  [ 5]
  N0 [ 1]                                    [ 1] S0
          [ 5]  [ 5]  [ 5]  [ 4]  [ 0]  [ 5]
           S6    S5    S4    S3    S2    S1

Please enter a pit number for South (q to quit): 
South playing move 3
Turn is over

----------
North's turn:
           N1    N2    N3    N4    N5    N6
          [ 0]  [ 4]  [ 4]  [ 4]  [ 5]  [ 6]
  N0 [ 1]                                    [ 2] S0
          [ 5]  [ 5]  [ 5]  [ 0]  [ 1]  [ 6]
           S6    S5    S4    S3    S2    S1

Please enter a pit number for North (q to quit): 
North playing move 2
Turn is over

----------
South's turn:
           N1    N2    N3    N4    N5    N6
          [ 1]  [ 0]  [ 4]  [ 4]  [ 5]  [ 6]
  N0 [ 2]                                    [ 2] S0
          [ 6]  [ 6]  [ 5]  [ 0]  [ 1]  [ 6]
           S6    S5    S4    S3    S2    S1

Please enter a pit number for South (q to quit): Can't choose an empty pit
Bad input -- please try again

South playing move 1
Turn is over

----------
North's turn:
           N1    N2    N3    N4    N5    N6
          [ 1]  [ 1]  [ 5]  [ 5]  [ 6]  [ 7]
  N0 [ 2]                                    [ 3] S0
          [ 6]  [ 6]  [ 5]  [ 0]  [ 1]  [ 0]
           S6    S5    S4    S3    S2    S1

Please enter a pit number for North (q to quit): 
North playing move 2
Turn is over

----------
South's turn:
           N1    N2    N3    N4    N5    N6
          [ 2]  [ 0]  [ 5]  [ 5]  [ 6]  [ 7]
  N0 [ 2]                                    [ 3] S0
          [ 6]  [ 6]  [ 5]  [ 0]  [ 1]  [ 0]
           S6    S5    S4    S3    S2    S1

Please enter a pit number for South (q to quit): Can't choose an empty pit
Bad input -- please try again
